Microchip MPLAB XC8 Compiler V2.10 ()

Linker command line:

-W-3 --edf=C:\Program Files (x86)\Microchip\xc8\v2.10\pic\dat\en_msgs.txt \
  -cs -h+dist/default/debug\Microwave_V2.0.X.debug.sym \
  --cmf=dist/default/debug\Microwave_V2.0.X.debug.cmf -z -Q16F877A \
  -oC:\Users\Mosta\AppData\Local\Temp\s2qs.2 --defsym=__MPLAB_BUILD=1 \
  -Mdist/default/debug/Microwave_V2.0.X.debug.map -E1 -ver=XC8 --acfsm=1493 \
  -ASTACK=0110h-016Fh -pstack=STACK -ACODE=00h-07FFhx4 -ASTRCODE=00h-01FFFh \
  -ASTRING=00h-0FFhx32 -ACONST=00h-0FFhx32 -AENTRY=00h-0FFhx32 \
  -ACOMMON=070h-07Fh -ABANK0=020h-06Fh -ABANK1=0A0h-0EFh \
  -ABANK2=0110h-016Fh -ABANK3=0190h-01EFh \
  -ARAM=020h-06Fh,0A0h-0EFh,0110h-016Fh,0190h-01EFh \
  -AABS1=020h-07Fh,0A0h-0EFh,0110h-016Fh,0190h-01EFh -ASFR0=00h-01Fh \
  -ASFR1=080h-09Fh -ASFR2=0100h-010Fh -ASFR3=0180h-018Fh \
  -preset_vec=00h,intentry=04h,init,end_init -ppowerup=CODE -pcinit=CODE \
  -pfunctab=ENTRY -ACONFIG=02007h-02007h -pconfig=CONFIG -DCONFIG=2 \
  -AIDLOC=02000h-02003h -pidloc=IDLOC -DIDLOC=2 -AEEDATA=00h-0FFh/02100h \
  -peeprom_data=EEDATA -DEEDATA=2 -DCODE=2 -DSTRCODE=2 -DSTRING=2 -DCONST=2 \
  -DENTRY=2 -k C:\Users\Mosta\AppData\Local\Temp\s2qs.o \
  dist/default/debug\Microwave_V2.0.X.debug.o 

Object code version is 3.11

Machine type is 16F877A



                Name                               Link     Load   Length Selector   Space Scale
C:\Users\Mosta\AppData\Local\Temp\s2qs.o
                end_init                              C        C        3        8       0
                reset_vec                             0        0        3        0       0
                config                             2007     2007        1     400E       0
dist/default/debug\Microwave_V2.0.X.debug.o
                cinit                                 F        F       3E        8       0
                intentry                              4        4        8        8       0
                text31                             13CF     13CF       14     279E       0
                text30                             13F8     13F8       16     27F0       0
                text29                             13E3     13E3       15     27C6       0
                text28                             1727     1727       5D     2E4E       0
                text27                              D78      D78      288     1AF0       0
                text26                             147B     147B       29     28F6       0
                text25                               4D       4D      361        8       0
                text24                             1784     1784       7C     2F08       0
                text23                             1698     1698       46     2D30       0
                text22                             1514     1514       3C     2A28       0
                text21                              960      960       BC     12C0       0
                text20                              696      696      119        8       0
                text19                              ADB      ADB       D1     15B6       0
                text18                             140E     140E       24     281C       0
                text17                              84B      84B       8A     1096       0
                text16                             15CC     15CC       44     2B98       0
                text15                             1391     1391        A     2722       0
                text14                             13AB     13AB       11     2756       0
                text13                             16DE     16DE       49     2DBC       0
                text12                              802      802       49     1004       0
                text11                             14A4     14A4       36     2948       0
                text10                              7AF      7AF       4D        8       0
                text9                              158C     158C       40     2B18       0
                text8                              1432     1432       24     2864       0
                text7                              1610     1610       44     2C20       0
                text6                              1654     1654       44     2CA8       0
                text5                              14DA     14DA       3A     29B4       0
                text4                               BAC      BAC      1CC     1758       0
                text3                               8D5      8D5       8B     11AA       0
                text2                               A1C      A1C       BF     1438       0
                text1                              1456     1456       25     28AC       0
                maintext                            3AE      3AE      2E8        8       0
                cstackBANK0                          20       20       48       20       1
                cstackCOMMON                         70       70        9       70       1
                cstackBANK1                          DC       DC        F       A0       1
                inittext                           13BC     13BC       13     2778       0
                dataBANK3                           190      190       10      190       1
                dataBANK1                            A0       A0       3C       A0       1
                bssBANK1                             EB       EB        5       A0       1
                bssBANK0                             68       68        8       20       1
                dataCOMMON                           79       79        2       70       1
                bssCOMMON                            7B       7B        1       70       1
                strings                            1000     1000       6F     2000       0
                idataBANK3                         139B     139B       10     2736       0
                idataBANK1                         1550     1550       3C     2AA0       0
                idataCOMMON                         7FC      7FC        2        8       0

TOTAL           Name                               Link     Load   Length     Space
        CLASS   STACK          

        CLASS   CODE           
                end_init                              C        C        3         0
                cinit                                 F        F       3E         0
                intentry                              4        4        8         0
                reset_vec                             0        0        3         0
                text31                             13CF     13CF       14         0
                text30                             13F8     13F8       16         0
                text29                             13E3     13E3       15         0
                text28                             1727     1727       5D         0
                text27                              D78      D78      288         0
                text26                             147B     147B       29         0
                text25                               4D       4D      361         0
                text24                             1784     1784       7C         0
                text23                             1698     1698       46         0
                text22                             1514     1514       3C         0
                text21                              960      960       BC         0
                text20                              696      696      119         0
                text19                              ADB      ADB       D1         0
                text18                             140E     140E       24         0
                text17                              84B      84B       8A         0
                text16                             15CC     15CC       44         0
                text15                             1391     1391        A         0
                text14                             13AB     13AB       11         0
                text13                             16DE     16DE       49         0
                text12                              802      802       49         0
                text11                             14A4     14A4       36         0
                text10                              7AF      7AF       4D         0
                text9                              158C     158C       40         0
                text8                              1432     1432       24         0
                text7                              1610     1610       44         0
                text6                              1654     1654       44         0
                text5                              14DA     14DA       3A         0
                text4                               BAC      BAC      1CC         0
                text3                               8D5      8D5       8B         0
                text2                               A1C      A1C       BF         0
                text1                              1456     1456       25         0
                maintext                            3AE      3AE      2E8         0
                inittext                           13BC     13BC       13         0
                idataBANK3                         139B     139B       10         0
                idataBANK1                         1550     1550       3C         0
                idataCOMMON                         7FC      7FC        2         0

        CLASS   STRCODE        

        CLASS   STRING         
                strings                            1000     1000       6F         0

        CLASS   CONST          

        CLASS   ENTRY          

        CLASS   COMMON         
                cstackCOMMON                         70       70        9         1
                dataCOMMON                           79       79        2         1
                bssCOMMON                            7B       7B        1         1

        CLASS   BANK0          
                cstackBANK0                          20       20       48         1
                bssBANK0                             68       68        8         1

        CLASS   BANK1          
                cstackBANK1                          DC       DC        F         1
                dataBANK1                            A0       A0       3C         1
                bssBANK1                             EB       EB        5         1

        CLASS   BANK2          

        CLASS   BANK3          
                dataBANK3                           190      190       10         1

        CLASS   RAM            

        CLASS   ABS1           
                abs_s1                               7E       7E        2         1

        CLASS   SFR0           

        CLASS   SFR1           

        CLASS   SFR2           

        CLASS   SFR3           

        CLASS   CONFIG         
                config                             2007     2007        1         0

        CLASS   IDLOC          

        CLASS   EEDATA         



SEGMENTS        Name                           Load    Length   Top    Selector   Space  Class     Delta

                reset_vec                      000000  000003  000003         0       0  CODE        2
                intentry                       000004  0007FA  0007FE         8       0  CODE        2
                cstackBANK0                    000020  000050  000070        20       1  BANK0       1
                cstackCOMMON                   000070  00000C  00007C        70       1  COMMON      1
                dataBANK1                      0000A0  000050  0000F0        A0       1  BANK1       1
                dataBANK3                      000190  000010  0001A0       190       1  BANK3       1
                text12                         000802  000049  00084B      1004       0  CODE        2
                text17                         00084B  00008A  0008D5      1096       0  CODE        2
                text3                          0008D5  00008B  000960      11AA       0  CODE        2
                text21                         000960  0000BC  000A1C      12C0       0  CODE        2
                text2                          000A1C  0000BF  000ADB      1438       0  CODE        2
                text19                         000ADB  0000D1  000BAC      15B6       0  CODE        2
                text4                          000BAC  0001CC  000D78      1758       0  CODE        2
                text27                         000D78  000288  001000      1AF0       0  CODE        2
                strings                        001000  00006F  00106F      2000       0  STRING      2
                text15                         001391  00000A  00139B      2722       0  CODE        2
                idataBANK3                     00139B  000010  0013AB      2736       0  CODE        2
                text14                         0013AB  000011  0013BC      2756       0  CODE        2
                inittext                       0013BC  000013  0013CF      2778       0  CODE        2
                text31                         0013CF  000014  0013E3      279E       0  CODE        2
                text29                         0013E3  000015  0013F8      27C6       0  CODE        2
                text30                         0013F8  000016  00140E      27F0       0  CODE        2
                text18                         00140E  000024  001432      281C       0  CODE        2
                text8                          001432  000024  001456      2864       0  CODE        2
                text1                          001456  000025  00147B      28AC       0  CODE        2
                text26                         00147B  000029  0014A4      28F6       0  CODE        2
                text11                         0014A4  000036  0014DA      2948       0  CODE        2
                text5                          0014DA  00003A  001514      29B4       0  CODE        2
                text22                         001514  00003C  001550      2A28       0  CODE        2
                idataBANK1                     001550  00003C  00158C      2AA0       0  CODE        2
                text9                          00158C  000040  0015CC      2B18       0  CODE        2
                text16                         0015CC  000044  001610      2B98       0  CODE        2
                text7                          001610  000044  001654      2C20       0  CODE        2
                text6                          001654  000044  001698      2CA8       0  CODE        2
                text23                         001698  000046  0016DE      2D30       0  CODE        2
                text13                         0016DE  000049  001727      2DBC       0  CODE        2
                text28                         001727  00005D  001784      2E4E       0  CODE        2
                text24                         001784  00007C  001800      2F08       0  CODE        2
                config                         002007  000001  002008      400E       0  CONFIG      2


UNUSED ADDRESS RANGES

        Name                Unused          Largest block    Delta
        BANK2            0110-016F             60           1
        BANK3            01A0-01EF             50           1
        CODE             0003-0003              1           2
                         07FE-0801              2
                         106F-1390            322
                         1800-1FFF            800
        COMMON           007C-007D              2           1
        CONST            0003-0003              1           2
                         07FE-0801              2
                         106F-1390            100
                         1800-1FFF            100
        EEDATA           2100-21FF            100           2
        ENTRY            0003-0003              1           2
                         07FE-0801              2
                         106F-1390            100
                         1800-1FFF            100
        IDLOC            2000-2003              4           2
        RAM              0110-016F             60           1
                         01A0-01EF             50
        SFR0             0000-001F             20           1
        SFR1             0080-009F             20           1
        SFR2             0100-010F             10           1
        SFR3             0180-018F             10           1
        STACK            0110-016F             60           1
        STRCODE          0003-0003              1           2
                         07FE-0801              4
                         106F-1390            322
                         1800-1FFF            800
        STRING           0003-0003              1           2
                         07FE-0801              2
                         106F-1390            100
                         1800-1FFF            100

                                  Symbol Table

?__Umul8_16                cstackCOMMON 0072
?___fladd                  cstackBANK0  0044
?___flmul                  cstackBANK0  002A
?___fltol                  cstackBANK0  0058
?___lwdiv                  cstackCOMMON 0072
?___lwmod                  cstackBANK0  0023
?___wmul                   cstackCOMMON 0072
?___xxtofl                 cstackCOMMON 0072
ADC_LCD@firsttime          dataCOMMON   0079
ADC_LCD@i                  cstackBANK0  0021
ADC_LCD@ptrTemp            cstackBANK0  0020
ADC_Read@ADC_Var           bssBANK0     006A
ADC_Read@Temp              cstackBANK1  00DC
GetKeyPressed@c            cstackCOMMON 0075
LCD_Print_Hex@KEY          cstackCOMMON 0077
LCD_Start@F891             dataBANK1    00C0
LCD_Start@F893             dataBANK1    00B0
LCD_Start@a                cstackBANK0  0020
LCD_Start@b                cstackBANK0  0030
LCD_Start@i                cstackBANK0  0040
LampON@LampF               cstackCOMMON 0072
MDONE@i                    cstackCOMMON 0078
MONDelay@i                 cstackCOMMON 0076
Move_Cursor_L@NumShiftingL cstackBANK0  0020
Move_Cursor_L@i            cstackBANK0  0021
Move_Cursor_R@NumShiftingR cstackBANK0  0020
Move_Cursor_R@i            cstackBANK0  0021
Move_Cursor_To@L1          cstackBANK0  0020
Move_Cursor_To@L2          cstackCOMMON 0075
ONStatus@Time              cstackBANK0  0027
ONStatus@i                 cstackBANK0  0030
ONStatus@ptrTemp           cstackBANK0  0029
PrintLINE1@length          cstackCOMMON 0075
PrintLINE1@place           cstackCOMMON 0077
PrintLINE1@ptrSTR          cstackCOMMON 0076
PrintLINE2@length          cstackCOMMON 0075
PrintLINE2@place           cstackCOMMON 0077
PrintLINE2@ptrSTR          cstackCOMMON 0076
SETHEAT_LCD@F904           dataBANK3    0190
SETHEAT_LCD@F906           dataBANK1    00D0
SETHEAT_LCD@a              cstackBANK0  0020
SETHEAT_LCD@b              cstackBANK0  0030
SETHEAT_LCD@i              cstackBANK0  0037
SETTIME_LCD@F900           dataBANK1    00A0
SETTIME_LCD@a              cstackBANK0  0026
SETTIME_LCD@i              cstackBANK0  0036
_ADCON0                    (abs)        001F
_ADCON0bits                (abs)        001F
_ADCON1                    (abs)        009F
_ADC_LCD                   text28       1727
_ADC_Read                  text20       0696
_ADRESH                    (abs)        001E
_ADRESL                    (abs)        009E
_DOOR                      bssBANK0     006D
_DOORSTATE                 text9        158C
_GIE                       (abs)        005F
_GetKeyPressed             text19       0ADB
_ISR_H                     text31       13CF
_InitTimer                 text15       1391
_Key                       dataCOMMON   007A
_LCD_Print_Hex             text18       140E
_LCD_Start                 text17       084B
_LampON                    text14       13AB
_MDONE                     text10       07AF
_MONDelay                  text8        1432
_Move_Cursor_L             text16       15CC
_Move_Cursor_R             text7        1610
_Move_Cursor_To            text6        1654
_ONStatus                  text4        0BAC
_ONStatus$1030             cstackBANK0  002C
_ONStatus$1031             cstackBANK0  002E
_PAUSED                    text5        14DA
_PEIE                      (abs)        005E
_PORTB                     (abs)        0006
_PORTBbits                 (abs)        0006
_PORTCbits                 (abs)        0007
_PORTD                     (abs)        0008
_PORTDbits                 (abs)        0008
_PORTEbits                 (abs)        0009
_PrintLINE1                text13       16DE
_PrintLINE2                text12       0802
_SETHEAT_LCD               text3        08D5
_SETTIME_LCD               text2        0A1C
_STATEF                    bssBANK0     006E
_T1CON                     (abs)        0010
_TIME                      dataBANK1    00D7
_TIMEinSec                 bssBANK0     0068
_TMR1Counter               bssBANK0     006F
_TMR1H                     (abs)        000F
_TMR1IE                    (abs)        0460
_TMR1IF                    (abs)        0060
_TMR1L                     (abs)        000E
_TMR1ON                    (abs)        0080
_TRISB                     (abs)        0086
_TRISB4                    (abs)        0434
_TRISC                     (abs)        0087
_TRISCbits                 (abs)        0087
_TRISD                     (abs)        0088
_TRISE                     (abs)        0089
_TRISE1                    (abs)        0449
_TRISE2                    (abs)        044A
_TRISEbits                 (abs)        0089
_Temp                      bssBANK1     00EB
__CFG_BOREN$ON             (abs)        0000
__CFG_CP$OFF               (abs)        0000
__CFG_CPD$OFF              (abs)        0000
__CFG_FOSC$HS              (abs)        0000
__CFG_LVP$ON               (abs)        0000
__CFG_PWRTE$ON             (abs)        0000
__CFG_WDTE$OFF             (abs)        0000
__CFG_WRT$OFF              (abs)        0000
__Habs1                    abs1         0000
__Hbank0                   bank0        0000
__Hbank1                   bank1        0000
__Hbank2                   bank2        0000
__Hbank3                   bank3        0000
__HbssBANK0                bssBANK0     0000
__HbssBANK1                bssBANK1     0000
__HbssCOMMON               bssCOMMON    0000
__Hcinit                   cinit        004D
__Hclrtext                 clrtext      0000
__Hcode                    code         0000
__Hcommon                  common       0000
__Hconfig                  config       2008
__HcstackBANK0             cstackBANK0  0000
__HcstackBANK1             cstackBANK1  0000
__HcstackCOMMON            cstackCOMMON 0000
__HdataBANK1               dataBANK1    0000
__HdataBANK3               dataBANK3    0000
__HdataCOMMON              dataCOMMON   0000
__Heeprom_data             eeprom_data  0000
__Hend_init                end_init     000F
__Hfunctab                 functab      0000
__HidataBANK1              idataBANK1   0000
__HidataBANK3              idataBANK3   0000
__HidataCOMMON             idataCOMMON  0000
__Hidloc                   idloc        0000
__Hinit                    init         000C
__Hinittext                inittext     0000
__Hintentry                intentry     000C
__Hmaintext                maintext     0000
__Hpowerup                 powerup      0000
__Hram                     ram          0000
__Hreset_vec               reset_vec    0003
__Hsfr0                    sfr0         0000
__Hsfr1                    sfr1         0000
__Hsfr2                    sfr2         0000
__Hsfr3                    sfr3         0000
__Hspace_0                 (abs)        2008
__Hspace_1                 (abs)        01A0
__Hspace_2                 (abs)        0000
__Hspace_3                 (abs)        0000
__Hstack                   stack        0000
__Hstrings                 strings      0000
__Htext                    text         0000
__Labs1                    abs1         0000
__Lbank0                   bank0        0000
__Lbank1                   bank1        0000
__Lbank2                   bank2        0000
__Lbank3                   bank3        0000
__LbssBANK0                bssBANK0     0000
__LbssBANK1                bssBANK1     0000
__LbssCOMMON               bssCOMMON    0000
__Lcinit                   cinit        000F
__Lclrtext                 clrtext      0000
__Lcode                    code         0000
__Lcommon                  common       0000
__Lconfig                  config       2007
__LcstackBANK0             cstackBANK0  0000
__LcstackBANK1             cstackBANK1  0000
__LcstackCOMMON            cstackCOMMON 0000
__LdataBANK1               dataBANK1    0000
__LdataBANK3               dataBANK3    0000
__LdataCOMMON              dataCOMMON   0000
__Leeprom_data             eeprom_data  0000
__Lend_init                end_init     000C
__Lfunctab                 functab      0000
__LidataBANK1              idataBANK1   0000
__LidataBANK3              idataBANK3   0000
__LidataCOMMON             idataCOMMON  0000
__Lidloc                   idloc        0000
__Linit                    init         000C
__Linittext                inittext     0000
__Lintentry                intentry     0004
__Lmaintext                maintext     0000
__Lpowerup                 powerup      0000
__Lram                     ram          0000
__Lreset_vec               reset_vec    0000
__Lsfr0                    sfr0         0000
__Lsfr1                    sfr1         0000
__Lsfr2                    sfr2         0000
__Lsfr3                    sfr3         0000
__Lspace_0                 (abs)        0000
__Lspace_1                 (abs)        0000
__Lspace_2                 (abs)        0000
__Lspace_3                 (abs)        0000
__Lstack                   stack        0000
__Lstrings                 strings      0000
__Ltext                    text         0000
__S0                       (abs)        2008
__S1                       (abs)        01A0
__S2                       (abs)        0000
__S3                       (abs)        0000
__Umul8_16                 text26       147B
__Umul8_16@multiplicand    cstackCOMMON 0072
__Umul8_16@multiplier      cstackBANK0  0024
__Umul8_16@product         cstackBANK0  0020
__Umul8_16@word_mpld       cstackBANK0  0022
___fladd                   text27       0D78
___fladd@a                 cstackBANK0  0048
___fladd@aexp              cstackBANK0  0055
___fladd@b                 cstackBANK0  0044
___fladd@bexp              cstackBANK0  0056
___fladd@grs               cstackBANK0  0057
___fladd@signs             cstackBANK0  0054
___flmul                   text25       004D
___flmul@a                 cstackBANK0  002E
___flmul@aexp              cstackBANK0  0038
___flmul@b                 cstackBANK0  002A
___flmul@bexp              cstackBANK0  003D
___flmul@grs               cstackBANK0  0039
___flmul@prod              cstackBANK0  003E
___flmul@sign              cstackBANK0  0037
___flmul@temp              cstackBANK0  0042
___fltol                   text24       1784
___fltol@exp1              cstackCOMMON 0077
___fltol@f1                cstackBANK0  0058
___fltol@sign1             cstackCOMMON 0076
___int_sp                  stack        0000
___latbits                 (abs)        0002
___lwdiv                   text23       1698
___lwdiv@counter           cstackBANK0  0020
___lwdiv@dividend          cstackCOMMON 0074
___lwdiv@divisor           cstackCOMMON 0072
___lwdiv@quotient          cstackBANK0  0021
___lwmod                   text22       1514
___lwmod@counter           cstackCOMMON 0078
___lwmod@dividend          cstackBANK0  0025
___lwmod@divisor           cstackBANK0  0023
___sp                      stack        0000
___stackhi                 (abs)        0000
___stacklo                 (abs)        0000
___wmul                    text1        1456
___wmul@multiplicand       cstackCOMMON 0074
___wmul@multiplier         cstackCOMMON 0072
___wmul@product            cstackCOMMON 0076
___xxtofl                  text21       0960
___xxtofl@arg              cstackBANK0  0026
___xxtofl@exp              cstackBANK0  0025
___xxtofl@sign             cstackBANK0  0024
___xxtofl@val              cstackCOMMON 0072
__end_of_ADC_LCD           text28       1784
__end_of_ADC_Read          text20       07AF
__end_of_DOORSTATE         text9        15CC
__end_of_GetKeyPressed     text19       0BAC
__end_of_ISR_H             text31       13E3
__end_of_InitTimer         text15       139B
__end_of_LCD_Print_Hex     text18       1432
__end_of_LCD_Start         text17       08D5
__end_of_LampON            text14       13BC
__end_of_MDONE             text10       07FC
__end_of_MONDelay          text8        1456
__end_of_Move_Cursor_L     text16       1610
__end_of_Move_Cursor_R     text7        1654
__end_of_Move_Cursor_To    text6        1698
__end_of_ONStatus          text4        0D78
__end_of_PAUSED            text5        1514
__end_of_PrintLINE1        text13       1727
__end_of_PrintLINE2        text12       084B
__end_of_SETHEAT_LCD       text3        0960
__end_of_SETTIME_LCD       text2        0ADB
__end_of__Umul8_16         text26       14A4
__end_of___fladd           text27       1000
__end_of___flmul           text25       03AE
__end_of___fltol           text24       1800
__end_of___lwdiv           text23       16DE
__end_of___lwmod           text22       1550
__end_of___wmul            text1        147B
__end_of___xxtofl          text21       0A1C
__end_of__initialization   cinit        0049
__end_of__stringtab        strings      1006
__end_of_lcd_init          text11       14DA
__end_of_main              maintext     0696
__end_of_send_a_character  text30       140E
__end_of_send_a_command    text29       13F8
__initialization           cinit        000F
__pbssBANK0                bssBANK0     0068
__pbssBANK1                bssBANK1     00EB
__pbssCOMMON               bssCOMMON    007B
__pcstackBANK0             cstackBANK0  0020
__pcstackBANK1             cstackBANK1  00DC
__pcstackCOMMON            cstackCOMMON 0070
__pdataBANK1               dataBANK1    00A0
__pdataBANK3               dataBANK3    0190
__pdataCOMMON              dataCOMMON   0079
__pidataBANK1              idataBANK1   1550
__pidataBANK3              idataBANK3   139B
__pidataCOMMON             idataCOMMON  07FC
__pintentry                intentry     0004
__pmaintext                maintext     03AE
__pstrings                 strings      1000
__ptext1                   text1        1456
__ptext10                  text10       07AF
__ptext11                  text11       14A4
__ptext12                  text12       0802
__ptext13                  text13       16DE
__ptext14                  text14       13AB
__ptext15                  text15       1391
__ptext16                  text16       15CC
__ptext17                  text17       084B
__ptext18                  text18       140E
__ptext19                  text19       0ADB
__ptext2                   text2        0A1C
__ptext20                  text20       0696
__ptext21                  text21       0960
__ptext22                  text22       1514
__ptext23                  text23       1698
__ptext24                  text24       1784
__ptext25                  text25       004D
__ptext26                  text26       147B
__ptext27                  text27       0D78
__ptext28                  text28       1727
__ptext29                  text29       13E3
__ptext3                   text3        08D5
__ptext30                  text30       13F8
__ptext31                  text31       13CF
__ptext4                   text4        0BAC
__ptext5                   text5        14DA
__ptext6                   text6        1654
__ptext7                   text7        1610
__ptext8                   text8        1432
__ptext9                   text9        158C
__size_of_ADC_LCD          (abs)        0000
__size_of_ADC_Read         (abs)        0000
__size_of_DOORSTATE        (abs)        0000
__size_of_GetKeyPressed    (abs)        0000
__size_of_ISR_H            (abs)        0000
__size_of_InitTimer        (abs)        0000
__size_of_LCD_Print_Hex    (abs)        0000
__size_of_LCD_Start        (abs)        0000
__size_of_LampON           (abs)        0000
__size_of_MDONE            (abs)        0000
__size_of_MONDelay         (abs)        0000
__size_of_Move_Cursor_L    (abs)        0000
__size_of_Move_Cursor_R    (abs)        0000
__size_of_Move_Cursor_To   (abs)        0000
__size_of_ONStatus         (abs)        0000
__size_of_PAUSED           (abs)        0000
__size_of_PrintLINE1       (abs)        0000
__size_of_PrintLINE2       (abs)        0000
__size_of_SETHEAT_LCD      (abs)        0000
__size_of_SETTIME_LCD      (abs)        0000
__size_of__Umul8_16        (abs)        0000
__size_of___fladd          (abs)        0000
__size_of___flmul          (abs)        0000
__size_of___fltol          (abs)        0000
__size_of___lwdiv          (abs)        0000
__size_of___lwmod          (abs)        0000
__size_of___wmul           (abs)        0000
__size_of___xxtofl         (abs)        0000
__size_of_lcd_init         (abs)        0000
__size_of_main             (abs)        0000
__size_of_send_a_character (abs)        0000
__size_of_send_a_command   (abs)        0000
__stringbase               strings      1005
__stringtab                strings      1000
_digit                     bssCOMMON    007B
_lcd_init                  text11       14A4
_main                      maintext     03AE
_send_a_character          text30       13F8
_send_a_command            text29       13E3
btemp                      (abs)        007E
end_of_initialization      cinit        0049
init_fetch0                inittext     13BC
init_ram0                  inittext     13C0
interrupt_function         intentry     0004
intlevel0                  functab      0000
intlevel1                  functab      0000
intlevel2                  functab      0000
intlevel3                  functab      0000
intlevel4                  functab      0000
intlevel5                  functab      0000
reset_vec                  reset_vec    0000
saved_w                    (abs)        007E
send_a_character@character cstackCOMMON 0074
send_a_command@command     cstackCOMMON 0074
start                      init         000C
start_initialization       cinit        000F
wtemp0                     (abs)        007E


FUNCTION INFORMATION:

 *************** function _main *****************
 Defined at:
		line 48 in file "Project Main.c"
 Parameters:    Size  Location     Type
		None
 Auto vars:     Size  Location     Type
		None
 Return value:  Size  Location     Type
                  1    wreg      void 
 Registers used:
		wreg, fsr0l, fsr0h, status,2, status,0, btemp+1, pclath, cstack
 Tracked objects:
		On entry : 
		On exit  : 
		Unchanged: 
 Data sizes:     COMMON   BANK0   BANK1   BANK3   BANK2
      Params:         0       0       0       0       0
      Locals:         0       0       0       0       0
      Temps:          0       0      14       0       0
      Totals:         0       0      14       0       0
Total ram usage:       14 bytes
 Hardware stack levels required when called:    5
 This function calls:
		_ADC_LCD
		_ADC_Read
		_DOORSTATE
		_GetKeyPressed
		_LCD_Print_Hex
		_LCD_Start
		_Move_Cursor_L
		_Move_Cursor_R
		_Move_Cursor_To
		_ONStatus
		_PrintLINE1
		_PrintLINE2
		_SETHEAT_LCD
		_SETTIME_LCD
		___wmul
		_lcd_init
		_send_a_command
 This function is called by:
		Startup code after reset
 This function uses a non-reentrant model


 *************** function ___wmul *****************
 Defined at:
		line 15 in file "C:\Program Files (x86)\Microchip\xc8\v2.10\pic\sources\c90\common\Umul16.c"
 Parameters:    Size  Location     Type
  multiplier      2    2[COMMON] unsigned int 
  multiplicand    2    4[COMMON] unsigned int 
 Auto vars:     Size  Location     Type
  product         2    6[COMMON] unsigned int 
 Return value:  Size  Location     Type
                  2    2[COMMON] unsigned int 
 Registers used:
		wreg, status,2, status,0
 Tracked objects:
		On entry : 
		On exit  : 
		Unchanged: 
 Data sizes:     COMMON   BANK0   BANK1   BANK3   BANK2
      Params:         4       0       0       0       0
      Locals:         2       0       0       0       0
      Temps:          0       0       0       0       0
      Totals:         6       0       0       0       0
Total ram usage:        6 bytes
 Hardware stack levels used:    1
 Hardware stack levels required when called:    1
 This function calls:
		Nothing
 This function is called by:
		_main
 This function uses a non-reentrant model


 *************** function _SETTIME_LCD *****************
 Defined at:
		line 133 in file "./LCD.c"
 Parameters:    Size  Location     Type
		None
 Auto vars:     Size  Location     Type
  a              16    6[BANK0 ] unsigned char [16]
  i               1   22[BANK0 ] unsigned char 
 Return value:  Size  Location     Type
                  1    wreg      void 
 Registers used:
		wreg, fsr0l, fsr0h, status,2, status,0, pclath, cstack
 Tracked objects:
		On entry : 
		On exit  : 
		Unchanged: 
 Data sizes:     COMMON   BANK0   BANK1   BANK3   BANK2
      Params:         0       0       0       0       0
      Locals:         0      17       0       0       0
      Temps:          0       4       0       0       0
      Totals:         0      21       0       0       0
Total ram usage:       21 bytes
 Hardware stack levels used:    1
 Hardware stack levels required when called:    3
 This function calls:
		_Move_Cursor_R
		_send_a_character
		_send_a_command
 This function is called by:
		_main
 This function uses a non-reentrant model


 *************** function _SETHEAT_LCD *****************
 Defined at:
		line 167 in file "./LCD.c"
 Parameters:    Size  Location     Type
		None
 Auto vars:     Size  Location     Type
  a              16    0[BANK0 ] unsigned char [16]
  b               7   16[BANK0 ] unsigned char [7]
  i               1   23[BANK0 ] unsigned char 
 Return value:  Size  Location     Type
                  1    wreg      void 
 Registers used:
		wreg, fsr0l, fsr0h, status,2, status,0, pclath, cstack
 Tracked objects:
		On entry : 
		On exit  : 
		Unchanged: 
 Data sizes:     COMMON   BANK0   BANK1   BANK3   BANK2
      Params:         0       0       0       0       0
      Locals:         0      24       0       0       0
      Temps:          4       0       0       0       0
      Totals:         4      24       0       0       0
Total ram usage:       28 bytes
 Hardware stack levels used:    1
 Hardware stack levels required when called:    2
 This function calls:
		_send_a_character
		_send_a_command
 This function is called by:
		_main
 This function uses a non-reentrant model


 *************** function _ONStatus *****************
 Defined at:
		line 11 in file "./MStatus.c"
 Parameters:    Size  Location     Type
  Time            2    7[BANK0 ] unsigned int 
  ptrTemp         1    9[BANK0 ] PTR unsigned char 
		 -> Temp(5), 
 Auto vars:     Size  Location     Type
  i               1   16[BANK0 ] unsigned char 
 Return value:  Size  Location     Type
                  1    wreg      void 
 Registers used:
		wreg, fsr0l, fsr0h, status,2, status,0, pclath, cstack
 Tracked objects:
		On entry : 
		On exit  : 
		Unchanged: 
 Data sizes:     COMMON   BANK0   BANK1   BANK3   BANK2
      Params:         0       3       0       0       0
      Locals:         0       5       0       0       0
      Temps:          0       2       0       0       0
      Totals:         0      10       0       0       0
Total ram usage:       10 bytes
 Hardware stack levels used:    1
 Hardware stack levels required when called:    4
 This function calls:
		_DOORSTATE
		_InitTimer
		_LampON
		_MDONE
		_MONDelay
		_Move_Cursor_R
		_Move_Cursor_To
		_PAUSED
		_PrintLINE1
		_PrintLINE2
		___lwdiv
		___lwmod
		_lcd_init
		_send_a_character
		_send_a_command
 This function is called by:
		_main
 This function uses a non-reentrant model


 *************** function _PAUSED *****************
 Defined at:
		line 72 in file "./MStatus.c"
 Parameters:    Size  Location     Type
		None
 Auto vars:     Size  Location     Type
		None
 Return value:  Size  Location     Type
                  1    wreg      void 
 Registers used:
		wreg, fsr0l, fsr0h, status,2, status,0, pclath, cstack
 Tracked objects:
		On entry : 
		On exit  : 
		Unchanged: 
 Data sizes:     COMMON   BANK0   BANK1   BANK3   BANK2
      Params:         0       0       0       0       0
      Locals:         0       0       0       0       0
      Temps:          0       2       0       0       0
      Totals:         0       2       0       0       0
Total ram usage:        2 bytes
 Hardware stack levels used:    1
 Hardware stack levels required when called:    3
 This function calls:
		_DOORSTATE
		_LampON
		_PrintLINE1
		_PrintLINE2
 This function is called by:
		_ONStatus
 This function uses a non-reentrant model


 *************** function _Move_Cursor_To *****************
 Defined at:
		line 68 in file "./LCD.c"
 Parameters:    Size  Location     Type
  L1              1    wreg     unsigned char 
  L2              1    5[COMMON] unsigned char 
 Auto vars:     Size  Location     Type
  L1              1    0[BANK0 ] unsigned char 
 Return value:  Size  Location     Type
                  1    wreg      void 
 Registers used:
		wreg, status,2, status,0, pclath, cstack
 Tracked objects:
		On entry : 
		On exit  : 
		Unchanged: 
 Data sizes:     COMMON   BANK0   BANK1   BANK3   BANK2
      Params:         1       0       0       0       0
      Locals:         0       1       0       0       0
      Temps:          3       0       0       0       0
      Totals:         4       1       0       0       0
Total ram usage:        5 bytes
 Hardware stack levels used:    1
 Hardware stack levels required when called:    2
 This function calls:
		_send_a_command
 This function is called by:
		_ONStatus
		_main
 This function uses a non-reentrant model


 *************** function _Move_Cursor_R *****************
 Defined at:
		line 37 in file "./LCD.c"
 Parameters:    Size  Location     Type
  NumShiftingR    1    wreg     unsigned char 
 Auto vars:     Size  Location     Type
  NumShiftingR    1    0[BANK0 ] unsigned char 
  i               1    1[BANK0 ] unsigned char 
 Return value:  Size  Location     Type
                  1    wreg      void 
 Registers used:
		wreg, status,2, status,0, pclath, cstack
 Tracked objects:
		On entry : 
		On exit  : 
		Unchanged: 
 Data sizes:     COMMON   BANK0   BANK1   BANK3   BANK2
      Params:         0       0       0       0       0
      Locals:         0       2       0       0       0
      Temps:          3       0       0       0       0
      Totals:         3       2       0       0       0
Total ram usage:        5 bytes
 Hardware stack levels used:    1
 Hardware stack levels required when called:    2
 This function calls:
		_send_a_command
 This function is called by:
		_SETTIME_LCD
		_ONStatus
		_main
 This function uses a non-reentrant model


 *************** function _MONDelay *****************
 Defined at:
		line 48 in file "./TimerDelay.c"
 Parameters:    Size  Location     Type
		None
 Auto vars:     Size  Location     Type
  i               1    6[COMMON] unsigned char 
 Return value:  Size  Location     Type
                  1    wreg      void 
 Registers used:
		wreg, status,2, status,0, pclath, cstack
 Tracked objects:
		On entry : 
		On exit  : 
		Unchanged: 
 Data sizes:     COMMON   BANK0   BANK1   BANK3   BANK2
      Params:         0       0       0       0       0
      Locals:         1       0       0       0       0
      Temps:          1       0       0       0       0
      Totals:         2       0       0       0       0
Total ram usage:        2 bytes
 Hardware stack levels used:    1
 Hardware stack levels required when called:    2
 This function calls:
		_DOORSTATE
 This function is called by:
		_ONStatus
 This function uses a non-reentrant model


 *************** function _DOORSTATE *****************
 Defined at:
		line 103 in file "./MStatus.c"
 Parameters:    Size  Location     Type
		None
 Auto vars:     Size  Location     Type
		None
 Return value:  Size  Location     Type
                  1    wreg      void 
 Registers used:
		wreg, status,2, status,0
 Tracked objects:
		On entry : 
		On exit  : 
		Unchanged: 
 Data sizes:     COMMON   BANK0   BANK1   BANK3   BANK2
      Params:         0       0       0       0       0
      Locals:         0       0       0       0       0
      Temps:          3       0       0       0       0
      Totals:         3       0       0       0       0
Total ram usage:        3 bytes
 Hardware stack levels used:    1
 Hardware stack levels required when called:    1
 This function calls:
		Nothing
 This function is called by:
		_MONDelay
		_ONStatus
		_PAUSED
		_main
 This function uses a non-reentrant model


 *************** function _MDONE *****************
 Defined at:
		line 85 in file "./MStatus.c"
 Parameters:    Size  Location     Type
		None
 Auto vars:     Size  Location     Type
  i               1    8[COMMON] unsigned char 
 Return value:  Size  Location     Type
                  1    wreg      void 
 Registers used:
		wreg, fsr0l, fsr0h, status,2, status,0, pclath, cstack
 Tracked objects:
		On entry : 
		On exit  : 
		Unchanged: 
 Data sizes:     COMMON   BANK0   BANK1   BANK3   BANK2
      Params:         0       0       0       0       0
      Locals:         1       0       0       0       0
      Temps:          0       3       0       0       0
      Totals:         1       3       0       0       0
Total ram usage:        4 bytes
 Hardware stack levels used:    1
 Hardware stack levels required when called:    3
 This function calls:
		_LampON
		_PrintLINE1
		_PrintLINE2
		_lcd_init
 This function is called by:
		_ONStatus
 This function uses a non-reentrant model


 *************** function _lcd_init *****************
 Defined at:
		line 103 in file "./LCD.c"
 Parameters:    Size  Location     Type
		None
 Auto vars:     Size  Location     Type
		None
 Return value:  Size  Location     Type
                  1    wreg      void 
 Registers used:
		wreg, status,2, status,0, pclath, cstack
 Tracked objects:
		On entry : 
		On exit  : 
		Unchanged: 
 Data sizes:     COMMON   BANK0   BANK1   BANK3   BANK2
      Params:         0       0       0       0       0
      Locals:         0       0       0       0       0
      Temps:          2       0       0       0       0
      Totals:         2       0       0       0       0
Total ram usage:        2 bytes
 Hardware stack levels used:    1
 Hardware stack levels required when called:    2
 This function calls:
		_send_a_command
 This function is called by:
		_ONStatus
		_MDONE
		_main
 This function uses a non-reentrant model


 *************** function _PrintLINE2 *****************
 Defined at:
		line 224 in file "./LCD.c"
 Parameters:    Size  Location     Type
  place           1    wreg     unsigned char 
  length          1    5[COMMON] unsigned char 
  ptrSTR          1    6[COMMON] PTR unsigned char 
		 -> STR_9(15), STR_7(15), STR_5(10), STR_3(5), 
 Auto vars:     Size  Location     Type
  place           1    7[COMMON] unsigned char 
 Return value:  Size  Location     Type
                  1    wreg      void 
 Registers used:
		wreg, fsr0l, fsr0h, status,2, status,0, pclath, cstack
 Tracked objects:
		On entry : 
		On exit  : 
		Unchanged: 
 Data sizes:     COMMON   BANK0   BANK1   BANK3   BANK2
      Params:         2       0       0       0       0
      Locals:         1       0       0       0       0
      Temps:          0       3       0       0       0
      Totals:         3       3       0       0       0
Total ram usage:        6 bytes
 Hardware stack levels used:    1
 Hardware stack levels required when called:    2
 This function calls:
		_send_a_character
		_send_a_command
 This function is called by:
		_ONStatus
		_PAUSED
		_MDONE
		_main
 This function uses a non-reentrant model


 *************** function _PrintLINE1 *****************
 Defined at:
		line 209 in file "./LCD.c"
 Parameters:    Size  Location     Type
  place           1    wreg     unsigned char 
  length          1    5[COMMON] unsigned char 
  ptrSTR          1    6[COMMON] PTR unsigned char 
		 -> STR_8(14), STR_6(14), STR_4(10), STR_2(12), 
		 -> STR_1(10), 
 Auto vars:     Size  Location     Type
  place           1    7[COMMON] unsigned char 
 Return value:  Size  Location     Type
                  1    wreg      void 
 Registers used:
		wreg, fsr0l, fsr0h, status,2, status,0, pclath, cstack
 Tracked objects:
		On entry : 
		On exit  : 
		Unchanged: 
 Data sizes:     COMMON   BANK0   BANK1   BANK3   BANK2
      Params:         2       0       0       0       0
      Locals:         1       0       0       0       0
      Temps:          0       3       0       0       0
      Totals:         3       3       0       0       0
Total ram usage:        6 bytes
 Hardware stack levels used:    1
 Hardware stack levels required when called:    2
 This function calls:
		_send_a_character
		_send_a_command
 This function is called by:
		_ONStatus
		_PAUSED
		_MDONE
		_main
 This function uses a non-reentrant model


 *************** function _LampON *****************
 Defined at:
		line 127 in file "./MStatus.c"
 Parameters:    Size  Location     Type
  LampF           1    wreg     unsigned char 
 Auto vars:     Size  Location     Type
  LampF           1    2[COMMON] unsigned char 
 Return value:  Size  Location     Type
                  1    wreg      void 
 Registers used:
		wreg, status,2, status,0
 Tracked objects:
		On entry : 
		On exit  : 
		Unchanged: 
 Data sizes:     COMMON   BANK0   BANK1   BANK3   BANK2
      Params:         0       0       0       0       0
      Locals:         1       0       0       0       0
      Temps:          0       0       0       0       0
      Totals:         1       0       0       0       0
Total ram usage:        1 bytes
 Hardware stack levels used:    1
 Hardware stack levels required when called:    1
 This function calls:
		Nothing
 This function is called by:
		_ONStatus
		_PAUSED
		_MDONE
 This function uses a non-reentrant model


 *************** function _InitTimer *****************
 Defined at:
		line 39 in file "./TimerDelay.c"
 Parameters:    Size  Location     Type
		None
 Auto vars:     Size  Location     Type
		None
 Return value:  Size  Location     Type
                  1    wreg      void 
 Registers used:
		wreg
 Tracked objects:
		On entry : 
		On exit  : 
		Unchanged: 
 Data sizes:     COMMON   BANK0   BANK1   BANK3   BANK2
      Params:         0       0       0       0       0
      Locals:         0       0       0       0       0
      Temps:          0       0       0       0       0
      Totals:         0       0       0       0       0
Total ram usage:        0 bytes
 Hardware stack levels used:    1
 Hardware stack levels required when called:    1
 This function calls:
		Nothing
 This function is called by:
		_ONStatus
 This function uses a non-reentrant model


 *************** function _Move_Cursor_L *****************
 Defined at:
		line 53 in file "./LCD.c"
 Parameters:    Size  Location     Type
  NumShiftingL    1    wreg     unsigned char 
 Auto vars:     Size  Location     Type
  NumShiftingL    1    0[BANK0 ] unsigned char 
  i               1    1[BANK0 ] unsigned char 
 Return value:  Size  Location     Type
                  1    wreg      void 
 Registers used:
		wreg, status,2, status,0, pclath, cstack
 Tracked objects:
		On entry : 
		On exit  : 
		Unchanged: 
 Data sizes:     COMMON   BANK0   BANK1   BANK3   BANK2
      Params:         0       0       0       0       0
      Locals:         0       2       0       0       0
      Temps:          3       0       0       0       0
      Totals:         3       2       0       0       0
Total ram usage:        5 bytes
 Hardware stack levels used:    1
 Hardware stack levels required when called:    2
 This function calls:
		_send_a_command
 This function is called by:
		_main
 This function uses a non-reentrant model


 *************** function _LCD_Start *****************
 Defined at:
		line 85 in file "./LCD.c"
 Parameters:    Size  Location     Type
		None
 Auto vars:     Size  Location     Type
  b              16   16[BANK0 ] unsigned char [16]
  a              16    0[BANK0 ] unsigned char [16]
  i               1   32[BANK0 ] unsigned char 
 Return value:  Size  Location     Type
                  1    wreg      void 
 Registers used:
		wreg, fsr0l, fsr0h, status,2, status,0, pclath, cstack
 Tracked objects:
		On entry : 
		On exit  : 
		Unchanged: 
 Data sizes:     COMMON   BANK0   BANK1   BANK3   BANK2
      Params:         0       0       0       0       0
      Locals:         0      33       0       0       0
      Temps:          4       0       0       0       0
      Totals:         4      33       0       0       0
Total ram usage:       37 bytes
 Hardware stack levels used:    1
 Hardware stack levels required when called:    2
 This function calls:
		_send_a_character
		_send_a_command
 This function is called by:
		_main
 This function uses a non-reentrant model


 *************** function _LCD_Print_Hex *****************
 Defined at:
		line 117 in file "./LCD.c"
 Parameters:    Size  Location     Type
  KEY             1    wreg     unsigned char 
 Auto vars:     Size  Location     Type
  KEY             1    7[COMMON] unsigned char 
 Return value:  Size  Location     Type
                  1    wreg      void 
 Registers used:
		wreg, status,2, status,0, pclath, cstack
 Tracked objects:
		On entry : 
		On exit  : 
		Unchanged: 
 Data sizes:     COMMON   BANK0   BANK1   BANK3   BANK2
      Params:         0       0       0       0       0
      Locals:         1       0       0       0       0
      Temps:          2       0       0       0       0
      Totals:         3       0       0       0       0
Total ram usage:        3 bytes
 Hardware stack levels used:    1
 Hardware stack levels required when called:    2
 This function calls:
		_send_a_character
 This function is called by:
		_main
 This function uses a non-reentrant model


 *************** function _GetKeyPressed *****************
 Defined at:
		line 34 in file "./Keypad.c"
 Parameters:    Size  Location     Type
		None
 Auto vars:     Size  Location     Type
  c               1    5[COMMON] unsigned char 
 Return value:  Size  Location     Type
                  1    wreg      unsigned char 
 Registers used:
		wreg, status,2, status,0
 Tracked objects:
		On entry : 
		On exit  : 
		Unchanged: 
 Data sizes:     COMMON   BANK0   BANK1   BANK3   BANK2
      Params:         0       0       0       0       0
      Locals:         1       0       0       0       0
      Temps:          3       0       0       0       0
      Totals:         4       0       0       0       0
Total ram usage:        4 bytes
 Hardware stack levels used:    1
 Hardware stack levels required when called:    1
 This function calls:
		Nothing
 This function is called by:
		_main
 This function uses a non-reentrant model


 *************** function _ADC_Read *****************
 Defined at:
		line 16 in file "./ADC.c"
 Parameters:    Size  Location     Type
  Temp            1    wreg     PTR unsigned char 
		 -> Temp(5), 
 Auto vars:     Size  Location     Type
  Temp            1    0[BANK1 ] PTR unsigned char 
		 -> Temp(5), 
 Return value:  Size  Location     Type
                  1    wreg      void 
 Registers used:
		wreg, fsr0l, fsr0h, status,2, status,0, btemp+1, pclath, cstack
 Tracked objects:
		On entry : 
		On exit  : 
		Unchanged: 
 Data sizes:     COMMON   BANK0   BANK1   BANK3   BANK2
      Params:         0       0       0       0       0
      Locals:         0       0       1       0       0
      Temps:          0       7       0       0       0
      Totals:         0       7       1       0       0
Total ram usage:        8 bytes
 Hardware stack levels used:    1
 Hardware stack levels required when called:    3
 This function calls:
		___fladd
		___flmul
		___fltol
		___lwdiv
		___lwmod
		___xxtofl
 This function is called by:
		_main
 This function uses a non-reentrant model


 *************** function ___xxtofl *****************
 Defined at:
		line 10 in file "C:\Program Files (x86)\Microchip\xc8\v2.10\pic\sources\c90\common\xxtofl.c"
 Parameters:    Size  Location     Type
  sign            1    wreg     unsigned char 
  val             4    2[COMMON] long 
 Auto vars:     Size  Location     Type
  sign            1    4[BANK0 ] unsigned char 
  arg             4    6[BANK0 ] unsigned long 
  exp             1    5[BANK0 ] unsigned char 
 Return value:  Size  Location     Type
                  4    2[COMMON] unsigned char 
 Registers used:
		wreg, status,2, status,0
 Tracked objects:
		On entry : 
		On exit  : 
		Unchanged: 
 Data sizes:     COMMON   BANK0   BANK1   BANK3   BANK2
      Params:         4       0       0       0       0
      Locals:         0       6       0       0       0
      Temps:          0       4       0       0       0
      Totals:         4      10       0       0       0
Total ram usage:       14 bytes
 Hardware stack levels used:    1
 Hardware stack levels required when called:    1
 This function calls:
		Nothing
 This function is called by:
		_ADC_Read
 This function uses a non-reentrant model


 *************** function ___lwmod *****************
 Defined at:
		line 5 in file "C:\Program Files (x86)\Microchip\xc8\v2.10\pic\sources\c90\common\lwmod.c"
 Parameters:    Size  Location     Type
  divisor         2    3[BANK0 ] unsigned int 
  dividend        2    5[BANK0 ] unsigned int 
 Auto vars:     Size  Location     Type
  counter         1    8[COMMON] unsigned char 
 Return value:  Size  Location     Type
                  2    3[BANK0 ] unsigned int 
 Registers used:
		wreg, status,2, status,0
 Tracked objects:
		On entry : 
		On exit  : 
		Unchanged: 
 Data sizes:     COMMON   BANK0   BANK1   BANK3   BANK2
      Params:         0       4       0       0       0
      Locals:         1       0       0       0       0
      Temps:          1       0       0       0       0
      Totals:         2       4       0       0       0
Total ram usage:        6 bytes
 Hardware stack levels used:    1
 Hardware stack levels required when called:    1
 This function calls:
		Nothing
 This function is called by:
		_ADC_Read
		_ONStatus
 This function uses a non-reentrant model


 *************** function ___lwdiv *****************
 Defined at:
		line 5 in file "C:\Program Files (x86)\Microchip\xc8\v2.10\pic\sources\c90\common\lwdiv.c"
 Parameters:    Size  Location     Type
  divisor         2    2[COMMON] unsigned int 
  dividend        2    4[COMMON] unsigned int 
 Auto vars:     Size  Location     Type
  quotient        2    1[BANK0 ] unsigned int 
  counter         1    0[BANK0 ] unsigned char 
 Return value:  Size  Location     Type
                  2    2[COMMON] unsigned int 
 Registers used:
		wreg, status,2, status,0
 Tracked objects:
		On entry : 
		On exit  : 
		Unchanged: 
 Data sizes:     COMMON   BANK0   BANK1   BANK3   BANK2
      Params:         4       0       0       0       0
      Locals:         0       3       0       0       0
      Temps:          1       0       0       0       0
      Totals:         5       3       0       0       0
Total ram usage:        8 bytes
 Hardware stack levels used:    1
 Hardware stack levels required when called:    1
 This function calls:
		Nothing
 This function is called by:
		_ADC_Read
		_ONStatus
 This function uses a non-reentrant model


 *************** function ___fltol *****************
 Defined at:
		line 43 in file "C:\Program Files (x86)\Microchip\xc8\v2.10\pic\sources\c90\common\fltol.c"
 Parameters:    Size  Location     Type
  f1              4   56[BANK0 ] unsigned int 
 Auto vars:     Size  Location     Type
  exp1            1    7[COMMON] unsigned char 
  sign1           1    6[COMMON] unsigned char 
 Return value:  Size  Location     Type
                  4   56[BANK0 ] long 
 Registers used:
		wreg, status,2, status,0
 Tracked objects:
		On entry : 
		On exit  : 
		Unchanged: 
 Data sizes:     COMMON   BANK0   BANK1   BANK3   BANK2
      Params:         0       4       0       0       0
      Locals:         2       0       0       0       0
      Temps:          0       5       0       0       0
      Totals:         2       9       0       0       0
Total ram usage:       11 bytes
 Hardware stack levels used:    1
 Hardware stack levels required when called:    1
 This function calls:
		Nothing
 This function is called by:
		_ADC_Read
 This function uses a non-reentrant model


 *************** function ___flmul *****************
 Defined at:
		line 8 in file "C:\Program Files (x86)\Microchip\xc8\v2.10\pic\sources\c90\common\sprcmul.c"
 Parameters:    Size  Location     Type
  b               4   10[BANK0 ] long 
  a               4   14[BANK0 ] long 
 Auto vars:     Size  Location     Type
  prod            4   30[BANK0 ] struct .
  grs             4   25[BANK0 ] unsigned long 
  temp            2   34[BANK0 ] struct .
  bexp            1   29[BANK0 ] unsigned char 
  aexp            1   24[BANK0 ] unsigned char 
  sign            1   23[BANK0 ] unsigned char 
 Return value:  Size  Location     Type
                  4   10[BANK0 ] unsigned char 
 Registers used:
		wreg, status,2, status,0, btemp+1, pclath, cstack
 Tracked objects:
		On entry : 
		On exit  : 
		Unchanged: 
 Data sizes:     COMMON   BANK0   BANK1   BANK3   BANK2
      Params:         0       8       0       0       0
      Locals:         0      13       0       0       0
      Temps:          0       5       0       0       0
      Totals:         0      26       0       0       0
Total ram usage:       26 bytes
 Hardware stack levels used:    1
 Hardware stack levels required when called:    2
 This function calls:
		__Umul8_16
 This function is called by:
		_ADC_Read
 This function uses a non-reentrant model


 *************** function __Umul8_16 *****************
 Defined at:
		line 4 in file "C:\Program Files (x86)\Microchip\xc8\v2.10\pic\sources\c90\common\Umul8_16.c"
 Parameters:    Size  Location     Type
  multiplier      1    wreg     unsigned char 
  multiplicand    1    2[COMMON] unsigned char 
 Auto vars:     Size  Location     Type
  multiplier      1    4[BANK0 ] unsigned char 
  word_mpld       2    2[BANK0 ] unsigned int 
  product         2    0[BANK0 ] unsigned int 
 Return value:  Size  Location     Type
                  2    2[COMMON] unsigned int 
 Registers used:
		wreg, status,2, status,0
 Tracked objects:
		On entry : 
		On exit  : 
		Unchanged: 
 Data sizes:     COMMON   BANK0   BANK1   BANK3   BANK2
      Params:         2       0       0       0       0
      Locals:         0       5       0       0       0
      Temps:          2       0       0       0       0
      Totals:         4       5       0       0       0
Total ram usage:        9 bytes
 Hardware stack levels used:    1
 Hardware stack levels required when called:    1
 This function calls:
		Nothing
 This function is called by:
		___flmul
 This function uses a non-reentrant model


 *************** function ___fladd *****************
 Defined at:
		line 10 in file "C:\Program Files (x86)\Microchip\xc8\v2.10\pic\sources\c90\common\sprcadd.c"
 Parameters:    Size  Location     Type
  b               4   36[BANK0 ] unsigned int 
  a               4   40[BANK0 ] unsigned int 
 Auto vars:     Size  Location     Type
  grs             1   55[BANK0 ] unsigned char 
  bexp            1   54[BANK0 ] unsigned char 
  aexp            1   53[BANK0 ] unsigned char 
  signs           1   52[BANK0 ] unsigned char 
 Return value:  Size  Location     Type
                  4   36[BANK0 ] unsigned char 
 Registers used:
		wreg, status,2, status,0, btemp+1
 Tracked objects:
		On entry : 
		On exit  : 
		Unchanged: 
 Data sizes:     COMMON   BANK0   BANK1   BANK3   BANK2
      Params:         0       8       0       0       0
      Locals:         0       4       0       0       0
      Temps:          0       8       0       0       0
      Totals:         0      20       0       0       0
Total ram usage:       20 bytes
 Hardware stack levels used:    1
 Hardware stack levels required when called:    1
 This function calls:
		Nothing
 This function is called by:
		_ADC_Read
 This function uses a non-reentrant model


 *************** function _ADC_LCD *****************
 Defined at:
		line 187 in file "./LCD.c"
 Parameters:    Size  Location     Type
  ptrTemp         1    wreg     PTR unsigned char 
		 -> Temp(5), 
 Auto vars:     Size  Location     Type
  ptrTemp         1    0[BANK0 ] PTR unsigned char 
		 -> Temp(5), 
  i               1    1[BANK0 ] unsigned char 
 Return value:  Size  Location     Type
                  1    wreg      void 
 Registers used:
		wreg, fsr0l, fsr0h, status,2, status,0, pclath, cstack
 Tracked objects:
		On entry : 
		On exit  : 
		Unchanged: 
 Data sizes:     COMMON   BANK0   BANK1   BANK3   BANK2
      Params:         0       0       0       0       0
      Locals:         0       2       0       0       0
      Temps:          3       0       0       0       0
      Totals:         3       2       0       0       0
Total ram usage:        5 bytes
 Hardware stack levels used:    1
 Hardware stack levels required when called:    2
 This function calls:
		_send_a_character
		_send_a_command
 This function is called by:
		_main
 This function uses a non-reentrant model


 *************** function _send_a_command *****************
 Defined at:
		line 15 in file "./LCD.c"
 Parameters:    Size  Location     Type
  command         1    wreg     unsigned char 
 Auto vars:     Size  Location     Type
  command         1    4[COMMON] unsigned char 
 Return value:  Size  Location     Type
                  1    wreg      void 
 Registers used:
		wreg, status,2
 Tracked objects:
		On entry : 
		On exit  : 
		Unchanged: 
 Data sizes:     COMMON   BANK0   BANK1   BANK3   BANK2
      Params:         0       0       0       0       0
      Locals:         1       0       0       0       0
      Temps:          2       0       0       0       0
      Totals:         3       0       0       0       0
Total ram usage:        3 bytes
 Hardware stack levels used:    1
 Hardware stack levels required when called:    1
 This function calls:
		Nothing
 This function is called by:
		_Move_Cursor_R
		_Move_Cursor_L
		_Move_Cursor_To
		_LCD_Start
		_lcd_init
		_SETTIME_LCD
		_SETHEAT_LCD
		_ADC_LCD
		_PrintLINE1
		_PrintLINE2
		_ONStatus
		_main
 This function uses a non-reentrant model


 *************** function _send_a_character *****************
 Defined at:
		line 25 in file "./LCD.c"
 Parameters:    Size  Location     Type
  character       1    wreg     unsigned char 
 Auto vars:     Size  Location     Type
  character       1    4[COMMON] unsigned char 
 Return value:  Size  Location     Type
                  1    wreg      void 
 Registers used:
		wreg, status,2
 Tracked objects:
		On entry : 
		On exit  : 
		Unchanged: 
 Data sizes:     COMMON   BANK0   BANK1   BANK3   BANK2
      Params:         0       0       0       0       0
      Locals:         1       0       0       0       0
      Temps:          2       0       0       0       0
      Totals:         3       0       0       0       0
Total ram usage:        3 bytes
 Hardware stack levels used:    1
 Hardware stack levels required when called:    1
 This function calls:
		Nothing
 This function is called by:
		_LCD_Start
		_LCD_Print_Hex
		_SETTIME_LCD
		_SETHEAT_LCD
		_ADC_LCD
		_PrintLINE1
		_PrintLINE2
		_ONStatus
 This function uses a non-reentrant model


 *************** function _ISR_H *****************
 Defined at:
		line 210 in file "Project Main.c"
 Parameters:    Size  Location     Type
		None
 Auto vars:     Size  Location     Type
		None
 Return value:  Size  Location     Type
                  1    wreg      void 
 Registers used:
		wreg
 Tracked objects:
		On entry : 
		On exit  : 
		Unchanged: 
 Data sizes:     COMMON   BANK0   BANK1   BANK3   BANK2
      Params:         0       0       0       0       0
      Locals:         0       0       0       0       0
      Temps:          2       0       0       0       0
      Totals:         2       0       0       0       0
Total ram usage:        2 bytes
 Hardware stack levels used:    1
 This function calls:
		Nothing
 This function is called by:
		Interrupt level 1
 This function uses a non-reentrant model



MODULE INFORMATION

Module		Function		Class		Link	Load	Size
./Keypad.c
		_GetKeyPressed 		CODE           	0ADB	0000	210

./Keypad.c estimated size: 210

./TimerDelay.c
		_MONDelay      		CODE           	1432	0000	37
		_InitTimer     		CODE           	1391	0000	11

./TimerDelay.c estimated size: 48

C:\Program Files (x86)\Microchip\xc8\v2.10\pic\sources\c90\common\lwdiv.c
		___lwdiv       		CODE           	1698	0000	71

C:\Program Files (x86)\Microchip\xc8\v2.10\pic\sources\c90\common\lwdiv.c estimated size: 71

C:\Program Files (x86)\Microchip\xc8\v2.10\pic\sources\c90\common\fltol.c
		___fltol       		CODE           	1784	0000	125

C:\Program Files (x86)\Microchip\xc8\v2.10\pic\sources\c90\common\fltol.c estimated size: 125

./ADC.c
		_ADC_Read      		CODE           	0696	0000	282

./ADC.c estimated size: 282

C:\Program Files (x86)\Microchip\xc8\v2.10\pic\sources\c90\common\Umul16.c
		___wmul        		CODE           	1456	0000	38

C:\Program Files (x86)\Microchip\xc8\v2.10\pic\sources\c90\common\Umul16.c estimated size: 38

C:\Program Files (x86)\Microchip\xc8\v2.10\pic\sources\c90\common\sprcmul.c
		___flmul       		CODE           	004D	0000	866

C:\Program Files (x86)\Microchip\xc8\v2.10\pic\sources\c90\common\sprcmul.c estimated size: 866

C:\Program Files (x86)\Microchip\xc8\v2.10\pic\sources\c90\common\Umul8_16.c
		__Umul8_16     		CODE           	147B	0000	42

C:\Program Files (x86)\Microchip\xc8\v2.10\pic\sources\c90\common\Umul8_16.c estimated size: 42

./LCD.c
		_Move_Cursor_L 		CODE           	15CC	0000	69
		_send_a_character		CODE           	13F8	0000	23
		_Move_Cursor_R 		CODE           	1610	0000	69
		_send_a_command		CODE           	13E3	0000	22
		_ADC_LCD       		CODE           	1727	0000	94
		_Move_Cursor_To		CODE           	1654	0000	69
		_SETHEAT_LCD   		CODE           	08D5	0000	140
		_LCD_Start     		CODE           	084B	0000	139
		_PrintLINE1    		CODE           	16DE	0000	74
		_PrintLINE2    		CODE           	0802	0000	74
		_LCD_Print_Hex 		CODE           	140E	0000	37
		_SETTIME_LCD   		CODE           	0A1C	0000	192
		_lcd_init      		CODE           	14A4	0000	55

./LCD.c estimated size: 1057

./MStatus.c
		_ONStatus      		CODE           	0BAC	0000	461
		_MDONE         		CODE           	07AF	0000	78
		_PAUSED        		CODE           	14DA	0000	59
		_LampON        		CODE           	13AB	0000	18
		_DOORSTATE     		CODE           	158C	0000	65

./MStatus.c estimated size: 681

C:\Program Files (x86)\Microchip\xc8\v2.10\pic\sources\c90\common\xxtofl.c
		___xxtofl      		CODE           	0960	0000	189

C:\Program Files (x86)\Microchip\xc8\v2.10\pic\sources\c90\common\xxtofl.c estimated size: 189

shared
		__stringtab    		STRING         	1000	0000	7
		__initialization		CODE           	000F	0000	59

shared estimated size: 66

C:\Program Files (x86)\Microchip\xc8\v2.10\pic\sources\c90\common\lwmod.c
		___lwmod       		CODE           	1514	0000	61

C:\Program Files (x86)\Microchip\xc8\v2.10\pic\sources\c90\common\lwmod.c estimated size: 61

C:\Program Files (x86)\Microchip\xc8\v2.10\pic\sources\c90\common\sprcadd.c
		___fladd       		CODE           	0D78	0000	649

C:\Program Files (x86)\Microchip\xc8\v2.10\pic\sources\c90\common\sprcadd.c estimated size: 649

Project Main.c
		_main          		CODE           	03AE	0000	745
		_ISR_H         		CODE           	13CF	0000	21

Project Main.c estimated size: 766

