Microchip MPLAB XC8 Compiler V2.10 ()

Linker command line:

-W-3 --edf=C:\Program Files (x86)\Microchip\xc8\v2.10\pic\dat\en_msgs.txt \
  -cs -h+dist/default/production\Microwave_V2.0.X.production.sym \
  --cmf=dist/default/production\Microwave_V2.0.X.production.cmf -z -w9 \
  --disl=596:off --norlf -Q16F877A \
  -oC:\Users\Mosta\AppData\Local\Temp\sar4.3 --defsym=__MPLAB_BUILD=1 \
  -Mdist/default/production/Microwave_V2.0.X.production.map -E1 -ver=XC8 \
  --acfsm=1493 -ACODE=00h-07FFhx4 -ASTRCODE=00h-01FFFh -ASTRING=00h-0FFhx32 \
  -ACONST=00h-0FFhx32 -AENTRY=00h-0FFhx32 -ACOMMON=070h-07Fh \
  -ABANK0=020h-06Fh -ABANK1=0A0h-0EFh -ABANK2=0110h-016Fh \
  -ABANK3=0190h-01EFh -ARAM=020h-06Fh,0A0h-0EFh,0110h-016Fh,0190h-01EFh \
  -AABS1=020h-07Fh,0A0h-0EFh,0110h-016Fh,0190h-01EFh -ASFR0=00h-01Fh \
  -ASFR1=080h-09Fh -ASFR2=0100h-010Fh -ASFR3=0180h-018Fh \
  -preset_vec=00h,intentry,init,end_init -ppowerup=CODE -pcinit=CODE \
  -pfunctab=ENTRY -ACONFIG=02007h-02007h -pconfig=CONFIG -DCONFIG=2 \
  -AIDLOC=02000h-02003h -pidloc=IDLOC -DIDLOC=2 -AEEDATA=00h-0FFh/02100h \
  -peeprom_data=EEDATA -DEEDATA=2 -DCODE=2 -DSTRCODE=2 -DSTRING=2 -DCONST=2 \
  -DENTRY=2 -k C:\Users\Mosta\AppData\Local\Temp\sar4.o \
  dist/default/production\Microwave_V2.0.X.production.o 

Object code version is 3.11

Machine type is 16F877A



                Name                               Link     Load   Length Selector   Space Scale
C:\Users\Mosta\AppData\Local\Temp\sar4.o
                end_init                              8        8        4        0       0
dist/default/production\Microwave_V2.0.X.production.o
                cinit                               7CC      7CC       34      F98       0
                intentry                              0        0        8        0       0
                text2                               4C3      4C3       14      986       0
                text1                               4D7      4D7       2B      9AE       0
                maintext                            502      502      2CA      A04       0
                cstackBANK0                          20       20       10       20       1
                cstackCOMMON                         70       70        6       70       1
                dataBANK0                            37       37        5       20       1
                bssBANK0                             30       30        7       20       1
                dataCOMMON                           7B       7B        1       70       1
                bssCOMMON                            76       76        5       70       1
                strings                               C        C       23       18       0
                idataBANK0                          4BE      4BE        5      97C       0
                idataCOMMON                         4BD      4BD        1      97A       0

TOTAL           Name                               Link     Load   Length     Space
        CLASS   CODE           
                end_init                              8        8        4         0
                cinit                               7CC      7CC       34         0
                intentry                              0        0        8         0
                text2                               4C3      4C3       14         0
                text1                               4D7      4D7       2B         0
                maintext                            502      502      2CA         0
                idataBANK0                          4BE      4BE        5         0
                idataCOMMON                         4BD      4BD        1         0

        CLASS   STRCODE        

        CLASS   STRING         
                strings                               C        C       23         0

        CLASS   CONST          

        CLASS   ENTRY          

        CLASS   COMMON         
                cstackCOMMON                         70       70        6         1
                dataCOMMON                           7B       7B        1         1
                bssCOMMON                            76       76        5         1

        CLASS   BANK0          
                cstackBANK0                          20       20       10         1
                dataBANK0                            37       37        5         1
                bssBANK0                             30       30        7         1

        CLASS   BANK1          

        CLASS   BANK2          

        CLASS   BANK3          

        CLASS   RAM            

        CLASS   ABS1           
                abs_s1                               7E       7E        2         1

        CLASS   SFR0           

        CLASS   SFR1           

        CLASS   SFR2           

        CLASS   SFR3           

        CLASS   CONFIG         

        CLASS   IDLOC          

        CLASS   EEDATA         

        CLASS   STACK          



SEGMENTS        Name                           Load    Length   Top    Selector   Space  Class     Delta

                reset_vec                      000000  00000C  00000C         0       0  CODE        2
                strings                        00000C  000023  00002F        18       0  STRING      2
                cstackBANK0                    000020  00001C  00003C        20       1  BANK0       1
                cstackCOMMON                   000070  00000C  00007C        70       1  COMMON      1
                idataCOMMON                    0004BD  000001  0004BE       97A       0  CODE        2
                idataBANK0                     0004BE  000005  0004C3       97C       0  CODE        2
                text2                          0004C3  000014  0004D7       986       0  CODE        2
                text1                          0004D7  00002B  000502       9AE       0  CODE        2
                maintext                       000502  0002CA  0007CC       A04       0  CODE        2
                cinit                          0007CC  000034  000800       F98       0  CODE        2


UNUSED ADDRESS RANGES

        Name                Unused          Largest block    Delta
        BANK0            003C-006F             34           1
        BANK1            00A0-00EF             50           1
        BANK2            0110-016F             60           1
        BANK3            0190-01EF             60           1
        CODE             002F-04BC            48E           2
                         0800-1FFF            800
        COMMON           007C-007D              2           1
        CONFIG           2007-2007              1           2
        CONST            002F-04BC            100           2
                         0800-1FFF            100
        EEDATA           2100-21FF            100           2
        ENTRY            002F-04BC            100           2
                         0800-1FFF            100
        IDLOC            2000-2003              4           2
        RAM              003C-006F             34           1
                         00A0-00EF             50
                         0110-016F             60
                         0190-01EF             60
        SFR0             0000-001F             20           1
        SFR1             0080-009F             20           1
        SFR2             0100-010F             10           1
        SFR3             0180-018F             10           1
        STRCODE          002F-04BC            48E           2
                         0800-1FFF           1800
        STRING           002F-04BC            100           2
                         0800-1FFF            100

                                  Symbol Table

_ADC_LCD                                  
_ADC_Read                                 
_DOORSTATE                                
_GetKeyPressed                            
_LCD_Print_Hex                            
_LCD_Start                                
_Move_Cursor_L                            
_Move_Cursor_R                            
_Move_Cursor_To                           
_ONStatus                                 
_PrintLINE1                               
_PrintLINE2                               
_SETHEAT_LCD                              
_SETTIME_LCD                              
__CFG_BOREN$ON           (abs)        0000
__CFG_CP$OFF             (abs)        0000
__CFG_CPD$OFF            (abs)        0000
__CFG_FOSC$HS            (abs)        0000
__CFG_LVP$ON             (abs)        0000
__CFG_PWRTE$ON           (abs)        0000
__CFG_WDTE$OFF           (abs)        0000
__CFG_WRT$OFF            (abs)        0000
__Habs1                  abs1         0000
__Hbank0                 bank0        0000
__Hbank1                 bank1        0000
__Hbank2                 bank2        0000
__Hbank3                 bank3        0000
__HbssBANK0              bssBANK0     0000
__HbssCOMMON             bssCOMMON    0000
__Hclrtext               clrtext      0000
__Hcode                  code         0000
__Hcommon                common       0000
__Hconfig                config       0000
__HcstackBANK0           cstackBANK0  0000
__HcstackCOMMON          cstackCOMMON 0000
__HdataBANK0             dataBANK0    0000
__HdataCOMMON            dataCOMMON   0000
__Heeprom_data           eeprom_data  0000
__Hfunctab               functab      0000
__HidataBANK0            idataBANK0   0000
__HidataCOMMON           idataCOMMON  0000
__Hidloc                 idloc        0000
__Hmaintext              maintext     0000
__Hpowerup               powerup      0000
__Hram                   ram          0000
__Hreset_vec             reset_vec    0000
__Hsfr0                  sfr0         0000
__Hsfr1                  sfr1         0000
__Hsfr2                  sfr2         0000
__Hsfr3                  sfr3         0000
__Hspace_2               (abs)        0000
__Hspace_3               (abs)        0000
__Hstack                 stack        0000
__Hstrings               strings      0000
__Htext                  text         0000
__Labs1                  abs1         0000
__Lbank0                 bank0        0000
__Lbank1                 bank1        0000
__Lbank2                 bank2        0000
__Lbank3                 bank3        0000
__LbssBANK0              bssBANK0     0000
__LbssCOMMON             bssCOMMON    0000
__Lclrtext               clrtext      0000
__Lcode                  code         0000
__Lcommon                common       0000
__Lconfig                config       0000
__LcstackBANK0           cstackBANK0  0000
__LcstackCOMMON          cstackCOMMON 0000
__LdataBANK0             dataBANK0    0000
__LdataCOMMON            dataCOMMON   0000
__Leeprom_data           eeprom_data  0000
__Lfunctab               functab      0000
__LidataBANK0            idataBANK0   0000
__LidataCOMMON           idataCOMMON  0000
__Lidloc                 idloc        0000
__Lintentry              intentry     0000
__Lmaintext              maintext     0000
__Lpowerup               powerup      0000
__Lram                   ram          0000
__Lreset_vec             reset_vec    0000
__Lsfr0                  sfr0         0000
__Lsfr1                  sfr1         0000
__Lsfr2                  sfr2         0000
__Lsfr3                  sfr3         0000
__Lspace_0               (abs)        0000
__Lspace_1               (abs)        0000
__Lspace_2               (abs)        0000
__Lspace_3               (abs)        0000
__Lstack                 stack        0000
__Lstrings               strings      0000
__Ltext                  text         0000
__S3                     (abs)        0000
___int_sp                stack        0000
___sp                    stack        0000
___stackhi               (abs)        0000
___stacklo               (abs)        0000
__pintentry              intentry     0000
__size_of_ISR_H          (abs)        0000
__size_of___wmul         (abs)        0000
__size_of_main           (abs)        0000
_lcd_init                                 
_send_a_command                           
interrupt_function       intentry     0000
intlevel0                functab      0000
intlevel1                functab      0000
intlevel2                functab      0000
intlevel3                functab      0000
intlevel4                functab      0000
intlevel5                functab      0000
reset_vec                reset_vec    0000
___latbits               (abs)        0002
_PORTBbits               (abs)        0006
_TMR1L                   (abs)        000E
_TMR1H                   (abs)        000F
__Hinit                  init         0008
__Hintentry              intentry     0008
__Lend_init              end_init     0008
__Linit                  init         0008
start                    init         0008
__Hend_init              end_init     000C
__pstrings               strings      000C
__stringtab              strings      000C
___wmul@product          cstackBANK0  0020
__pcstackBANK0           cstackBANK0  0020
__stringbase             strings      0011
__end_of__stringtab      strings      0012
_TIMEinSec               bssBANK0     0030
__pbssBANK0              bssBANK0     0030
_Temp                    bssBANK0     0032
_TIME                    dataBANK0    0037
__pdataBANK0             dataBANK0    0037
_TMR1IF                  (abs)        0060
_ADC_LCD$0               cstackCOMMON 0070
_ADC_Read$0              cstackCOMMON 0070
_Move_Cursor_To$1        cstackCOMMON 0070
_ONStatus$0              cstackCOMMON 0070
_PrintLINE1$1            cstackCOMMON 0070
_PrintLINE2$1            cstackCOMMON 0070
__pcstackCOMMON          cstackCOMMON 0070
_PrintLINE1$2            cstackCOMMON 0071
_PrintLINE2$2            cstackCOMMON 0071
?___wmul                 cstackCOMMON 0072
_ONStatus$1              cstackCOMMON 0072
___wmul@multiplier       cstackCOMMON 0072
___wmul@multiplicand     cstackCOMMON 0074
_STATEF                  bssCOMMON    0076
__pbssCOMMON             bssCOMMON    0076
_digit                   bssCOMMON    0078
_TMR1Counter             bssCOMMON    0079
_Key                     dataCOMMON   007B
__pdataCOMMON            dataCOMMON   007B
__Hspace_1               (abs)        007C
__S1                     (abs)        007C
btemp                    (abs)        007E
saved_w                  (abs)        007E
wtemp0                   (abs)        007E
_TRISB                   (abs)        0086
_TRISC                   (abs)        0087
_TRISD                   (abs)        0088
_TRISE                   (abs)        0089
__Hspace_0               (abs)        0800
__S0                     (abs)        0800
__pidataCOMMON           idataCOMMON  04BD
__pidataBANK0            idataBANK0   04BE
_ISR_H                   text2        04C3
__ptext2                 text2        04C3
___wmul                  text1        04D7
__end_of_ISR_H           text2        04D7
__ptext1                 text1        04D7
__end_of___wmul          text1        0502
__pmaintext              maintext     0502
_main                    maintext     0502
__Lcinit                 cinit        07CC
__end_of_main            maintext     07CC
__initialization         cinit        07CC
__end_of__initialization cinit        07FC
__Hcinit                 cinit        0800
start_initialization     cinit        07CC
end_of_initialization    cinit        07FC
